// Jest Snapshot v1, https://goo.gl/fbAQLP

exports[`renders without crashing 1`] = `
.c0 {
  text-align: center;
}

.c1 {
  background-color: #222;
  height: 150px;
  padding: 20px;
  color: white;
}

.c2 {
  -webkit-animation: iVXCSc infinite 20s linear;
  animation: iVXCSc infinite 20s linear;
  height: 80px;
}

.c3 {
  font-size: 1.5em;
}

.c4 {
  font-size: large;
}

<div
  className="c0"
>
  <header
    className="c1"
  >
    <img
      alt="logo"
      className="c2"
      src="logo.svg"
    />
    <h1
      className="c3"
    >
      Welcome to React
    </h1>
  </header>
  <p
    className="c4"
  >
    To get started, edit 
    <code>
      src/App.js
    </code>
     and save to reload.
  </p>
</div>
`;
